// Jest Snapshot v1, https://goo.gl/fbAQLP

exports[`should render ExpenseListItem correctly 1`] = `
<div>
  <NavLink
    to={
      Object {
        "pathname": "/edit/1",
      }
    }
  >
    <h3>
      Gum
    </h3>
  </NavLink>
  <p>
    $1.95
    -
    January 1st, 1970
  </p>
</div>
`;
